<html>
<body>
<pre>
<h1>µVision Build Log</h1>
<h2>Project:</h2>
E:\STM32F4\STM32F411xCE\Nucleo411Project\Nucleo411FATFS\RVMDK\Nucleo411.uvproj
Project File Date:  01/22/2015

<h2>Output:</h2>
Build target 'Nucleo411'
compiling main.c...
..\USER\main.c(51): warning:  #167-D: argument of type "u8 *" is incompatible with parameter of type "const char *restrict"
                        printf(read_string);
..\USER\main.c: 1 warning, 0 errors
linking...
Program Size: Code=7712 RO-data=648 RW-data=48 ZI-data=2232  
FromELF: creating hex file...
".\Obj\Nucleo411.axf" - 0 Error(s), 1 Warning(s).
</pre>
</body>
</html>
ing stm32f4xx_it.c...
compiling usart.c...
compiling delay.c...
compiling SPI1.c...
compiling diskio.c...
compiling ff.c...
compiling MMC_SD.c...
linking...
Program Size: Code=7712 RO-data=648 RW-data=48 ZI-data=2232  
FromELF: creating hex file...
".\Obj\Nucleo411.axf" - 0 Error(s), 1 Warning(s).
